23 42.5 0
30 58.1 1
45 52.0 0
58 89.2 1
29 39.7 0
50 78.5 1
33 48.9 0
65 95.0 1
20 35.1 0
42 68.3 1
